// Jest Snapshot v1, https://goo.gl/fbAQLP

exports[`relations resolvers generation should properly generate relation resolver class for model with multi id keys with relation: MovieRelationsResolver 1`] = `
"import * as TypeGraphQL from \\"type-graphql\\";
import { Director } from \\"../../../models/Director\\";
import { Movie } from \\"../../../models/Movie\\";

@TypeGraphQL.Resolver(_of => Movie)
export class MovieRelationsResolver {
  @TypeGraphQL.FieldResolver(_type => Director, {
    nullable: false,
    description: undefined,
  })
  async director(@TypeGraphQL.Root() movie: Movie, @TypeGraphQL.Ctx() ctx: any): Promise<Director> {
    return ctx.prisma.movie.findOne({
      where: {
        directorFirstName_directorLastName_title: {
          directorFirstName: movie.directorFirstName,
          directorLastName: movie.directorLastName,
          title: movie.title,
        },
      },
    }).director({});
  }
}
"
`;

exports[`relations resolvers generation should properly generate relation resolver class for model with unique fields: DirectorRelationsResolver 1`] = `
"import * as TypeGraphQL from \\"type-graphql\\";
import { Director } from \\"../../../models/Director\\";
import { Movie } from \\"../../../models/Movie\\";
import { DirectorMoviesArgs } from \\"./args/DirectorMoviesArgs\\";

@TypeGraphQL.Resolver(_of => Director)
export class DirectorRelationsResolver {
  @TypeGraphQL.FieldResolver(_type => [Movie], {
    nullable: true,
    description: undefined,
  })
  async movies(@TypeGraphQL.Root() director: Director, @TypeGraphQL.Ctx() ctx: any, @TypeGraphQL.Args() args: DirectorMoviesArgs): Promise<Movie[] | undefined> {
    return ctx.prisma.director.findOne({
      where: {
        firstName_lastName: {
          firstName: director.firstName,
          lastName: director.lastName,
        },
      },
    }).movies(args);
  }
}
"
`;

exports[`relations resolvers generation should properly generate relation resolvers classes for models with renamed relation fields: Post 1`] = `
"import * as TypeGraphQL from \\"type-graphql\\";
import { Post } from \\"../../../models/Post\\";
import { User } from \\"../../../models/User\\";

@TypeGraphQL.Resolver(_of => Post)
export class PostRelationsResolver {
  @TypeGraphQL.FieldResolver(_type => User, {
    nullable: true,
    description: \\"author field doc\\",
  })
  async postAuthor(@TypeGraphQL.Root() post: Post, @TypeGraphQL.Ctx() ctx: any): Promise<User | undefined> {
    return ctx.prisma.post.findOne({
      where: {
        uuid: post.uuid,
      },
    }).author({});
  }
}
"
`;

exports[`relations resolvers generation should properly generate relation resolvers classes for models with renamed relation fields: User 1`] = `
"import * as TypeGraphQL from \\"type-graphql\\";
import { Post } from \\"../../../models/Post\\";
import { User } from \\"../../../models/User\\";
import { UserPostsArgs } from \\"./args/UserPostsArgs\\";

@TypeGraphQL.Resolver(_of => User)
export class UserRelationsResolver {
  @TypeGraphQL.FieldResolver(_type => [Post], {
    nullable: true,
    description: undefined,
  })
  async userPosts(@TypeGraphQL.Root() user: User, @TypeGraphQL.Ctx() ctx: any, @TypeGraphQL.Args() args: UserPostsArgs): Promise<Post[] | undefined> {
    return ctx.prisma.user.findOne({
      where: {
        id: user.id,
      },
    }).posts(args);
  }
}
"
`;

exports[`relations resolvers generation should properly generate resolver and args class for array relation resolvers: UserPostsArgs 1`] = `
"import * as TypeGraphQL from \\"type-graphql\\";
import GraphQLJSON from \\"graphql-type-json\\";
import { PostOrderByInput } from \\"../../../inputs/PostOrderByInput\\";
import { PostWhereInput } from \\"../../../inputs/PostWhereInput\\";
import { PostWhereUniqueInput } from \\"../../../inputs/PostWhereUniqueInput\\";

@TypeGraphQL.ArgsType()
export class UserPostsArgs {
  @TypeGraphQL.Field(_type => PostWhereInput, { nullable: true })
  where?: PostWhereInput | undefined;

  @TypeGraphQL.Field(_type => PostOrderByInput, { nullable: true })
  orderBy?: PostOrderByInput | undefined;

  @TypeGraphQL.Field(_type => PostWhereUniqueInput, { nullable: true })
  cursor?: PostWhereUniqueInput | undefined;

  @TypeGraphQL.Field(_type => TypeGraphQL.Int, { nullable: true })
  take?: number | undefined;

  @TypeGraphQL.Field(_type => TypeGraphQL.Int, { nullable: true })
  skip?: number | undefined;
}
"
`;

exports[`relations resolvers generation should properly generate resolver and args class for array relation resolvers: UserRelationsResolver 1`] = `
"import * as TypeGraphQL from \\"type-graphql\\";
import { Post } from \\"../../../models/Post\\";
import { User } from \\"../../../models/User\\";
import { UserPostsArgs } from \\"./args/UserPostsArgs\\";

@TypeGraphQL.Resolver(_of => User)
export class UserRelationsResolver {
  @TypeGraphQL.FieldResolver(_type => [Post], {
    nullable: true,
    description: undefined,
  })
  async posts(@TypeGraphQL.Root() user: User, @TypeGraphQL.Ctx() ctx: any, @TypeGraphQL.Args() args: UserPostsArgs): Promise<Post[] | undefined> {
    return ctx.prisma.user.findOne({
      where: {
        id: user.id,
      },
    }).posts(args);
  }
}
"
`;

exports[`relations resolvers generation should properly generate resolver class for single relation resolvers: UserRelationsResolver 1`] = `
"import * as TypeGraphQL from \\"type-graphql\\";
import { Address } from \\"../../../models/Address\\";
import { User } from \\"../../../models/User\\";

@TypeGraphQL.Resolver(_of => User)
export class UserRelationsResolver {
  @TypeGraphQL.FieldResolver(_type => Address, {
    nullable: true,
    description: undefined,
  })
  async address(@TypeGraphQL.Root() user: User, @TypeGraphQL.Ctx() ctx: any): Promise<Address | undefined> {
    return ctx.prisma.user.findOne({
      where: {
        id: user.id,
      },
    }).address({});
  }
}
"
`;

exports[`relations resolvers generation should properly generate resolvers classes for prisma models with cyclic relations: Post 1`] = `
"import * as TypeGraphQL from \\"type-graphql\\";
import { Post } from \\"../../../models/Post\\";
import { User } from \\"../../../models/User\\";

@TypeGraphQL.Resolver(_of => Post)
export class PostRelationsResolver {
  @TypeGraphQL.FieldResolver(_type => User, {
    nullable: true,
    description: \\"author field doc\\",
  })
  async author(@TypeGraphQL.Root() post: Post, @TypeGraphQL.Ctx() ctx: any): Promise<User | undefined> {
    return ctx.prisma.post.findOne({
      where: {
        uuid: post.uuid,
      },
    }).author({});
  }
}
"
`;

exports[`relations resolvers generation should properly generate resolvers classes for prisma models with cyclic relations: User 1`] = `
"import * as TypeGraphQL from \\"type-graphql\\";
import { Post } from \\"../../../models/Post\\";
import { User } from \\"../../../models/User\\";
import { UserPostsArgs } from \\"./args/UserPostsArgs\\";

@TypeGraphQL.Resolver(_of => User)
export class UserRelationsResolver {
  @TypeGraphQL.FieldResolver(_type => [Post], {
    nullable: true,
    description: undefined,
  })
  async posts(@TypeGraphQL.Root() user: User, @TypeGraphQL.Ctx() ctx: any, @TypeGraphQL.Args() args: UserPostsArgs): Promise<Post[] | undefined> {
    return ctx.prisma.user.findOne({
      where: {
        id: user.id,
      },
    }).posts(args);
  }
}
"
`;
