// Jest Snapshot v1, https://goo.gl/fbAQLP

exports[`custom resolvers execution should be possible to use generated inputs, args and types to build own resolvers: custom posts resolver mocked response 1`] = `
Object {
  "customFindManyPost": Array [
    Object {
      "color": "RED",
      "uuid": "b0c0d78e-4dff-4cdd-ba23-9b417dc684e2",
    },
    Object {
      "color": "BLUE",
      "uuid": "72c8a188-3d46-45b3-b23f-7d420aa282f1",
    },
  ],
}
`;

exports[`custom resolvers execution should be possible to use generated inputs, args and types to build own resolvers: findManyPost call args 1`] = `
Array [
  Array [
    Object {
      "orderBy": Array [
        Object {
          "color": "desc",
        },
      ],
      "skip": 1,
      "take": 1,
      "where": Object {
        "content": Object {
          "startsWith": "Test",
        },
      },
    },
  ],
]
`;

exports[`custom resolvers execution should produce a SDL: graphQLSchemaSDL 1`] = `
"# ------------------------------------------------------
# THIS FILE WAS AUTOMATICALLY GENERATED (DO NOT MODIFY)
# ------------------------------------------------------

enum Color {
  RED
  GREEN
  BLUE
}

input EnumColorFilter {
  equals: Color
  in: [Color!]
  notIn: [Color!]
  not: NestedEnumColorFilter
}

input NestedEnumColorFilter {
  equals: Color
  in: [Color!]
  notIn: [Color!]
  not: NestedEnumColorFilter
}

input NestedStringFilter {
  equals: String
  in: [String!]
  notIn: [String!]
  lt: String
  lte: String
  gt: String
  gte: String
  contains: String
  startsWith: String
  endsWith: String
  not: NestedStringFilter
}

type Post {
  uuid: String!
  content: String!
  color: Color!
}

enum PostDistinctFieldEnum {
  uuid
  content
  color
}

input PostOrderByInput {
  uuid: SortOrder
  content: SortOrder
  color: SortOrder
}

input PostWhereInput {
  AND: [PostWhereInput!]
  OR: [PostWhereInput!]
  NOT: [PostWhereInput!]
  uuid: StringFilter
  content: StringFilter
  color: EnumColorFilter
}

input PostWhereUniqueInput {
  uuid: String
}

type Query {
  customFindManyPost(where: PostWhereInput, orderBy: [PostOrderByInput!], cursor: PostWhereUniqueInput, take: Int = 20, skip: Int, distinct: [PostDistinctFieldEnum!]): [Post!]!
}

enum SortOrder {
  asc
  desc
}

input StringFilter {
  equals: String
  in: [String!]
  notIn: [String!]
  lt: String
  lte: String
  gt: String
  gte: String
  contains: String
  startsWith: String
  endsWith: String
  not: NestedStringFilter
}
"
`;
