// Jest Snapshot v1, https://goo.gl/fbAQLP

exports[`picking prisma actions should expose in GraphQL schema only actions chosen by single resolvers: graphQLSchemaSDL 1`] = `
"\\"\\"\\"
A date-time string at UTC, such as 2019-12-03T09:54:33Z, compliant with the date-time format.
\\"\\"\\"
scalar DateTime

input DateTimeFilter {
  equals: DateTime
  in: [DateTime!]
  notIn: [DateTime!]
  lt: DateTime
  lte: DateTime
  gt: DateTime
  gte: DateTime
  not: NestedDateTimeFilter
}

input IntFilter {
  equals: Int
  in: [Int!]
  notIn: [Int!]
  lt: Int
  lte: Int
  gt: Int
  gte: Int
  not: NestedIntFilter
}

type Mutation {
  createUser(data: UserCreateInput!): User!
}

input NestedDateTimeFilter {
  equals: DateTime
  in: [DateTime!]
  notIn: [DateTime!]
  lt: DateTime
  lte: DateTime
  gt: DateTime
  gte: DateTime
  not: NestedDateTimeFilter
}

input NestedIntFilter {
  equals: Int
  in: [Int!]
  notIn: [Int!]
  lt: Int
  lte: Int
  gt: Int
  gte: Int
  not: NestedIntFilter
}

input NestedStringFilter {
  equals: String
  in: [String!]
  notIn: [String!]
  lt: String
  lte: String
  gt: String
  gte: String
  contains: String
  startsWith: String
  endsWith: String
  not: NestedStringFilter
}

input NestedStringNullableFilter {
  equals: String
  in: [String!]
  notIn: [String!]
  lt: String
  lte: String
  gt: String
  gte: String
  contains: String
  startsWith: String
  endsWith: String
  not: NestedStringNullableFilter
}

type Query {
  users(where: UserWhereInput, orderBy: [UserOrderByInput!], cursor: UserWhereUniqueInput, take: Int = 20, skip: Int, distinct: [UserDistinctFieldEnum!]): [User!]!
}

enum SortOrder {
  asc
  desc
}

input StringFilter {
  equals: String
  in: [String!]
  notIn: [String!]
  lt: String
  lte: String
  gt: String
  gte: String
  contains: String
  startsWith: String
  endsWith: String
  not: NestedStringFilter
}

input StringNullableFilter {
  equals: String
  in: [String!]
  notIn: [String!]
  lt: String
  lte: String
  gt: String
  gte: String
  contains: String
  startsWith: String
  endsWith: String
  not: NestedStringNullableFilter
}

type User {
  intIdField: Int!
  uniqueStringField: String!
  optionalStringField: String
  dateField: DateTime!
}

input UserCreateInput {
  uniqueStringField: String!
  optionalStringField: String
  dateField: DateTime!
}

enum UserDistinctFieldEnum {
  intIdField
  uniqueStringField
  optionalStringField
  dateField
}

input UserOrderByInput {
  intIdField: SortOrder
  uniqueStringField: SortOrder
  optionalStringField: SortOrder
  dateField: SortOrder
}

input UserWhereInput {
  AND: [UserWhereInput!]
  OR: [UserWhereInput!]
  NOT: [UserWhereInput!]
  intIdField: IntFilter
  uniqueStringField: StringFilter
  optionalStringField: StringNullableFilter
  dateField: DateTimeFilter
}

input UserWhereUniqueInput {
  intIdField: Int
  uniqueStringField: String
}
"
`;
