// Jest Snapshot v1, https://goo.gl/fbAQLP

exports[`structure should generate *.js and *.d.ts files when emitTranspiledCode is set to true: structure 1`] = `
"
[type-graphql]
  [enums]
    Color.d.ts
    Color.js
    PostDistinctFieldEnum.d.ts
    PostDistinctFieldEnum.js
    SortOrder.d.ts
    SortOrder.js
    UserDistinctFieldEnum.d.ts
    UserDistinctFieldEnum.js
    index.d.ts
    index.js
  index.d.ts
  index.js
  [models]
    Post.d.ts
    Post.js
    User.d.ts
    User.js
    index.d.ts
    index.js
  [resolvers]
    [crud]
      [Post]
        AggregatePostResolver.d.ts
        AggregatePostResolver.js
        CreatePostResolver.d.ts
        CreatePostResolver.js
        DeleteManyPostResolver.d.ts
        DeleteManyPostResolver.js
        DeletePostResolver.d.ts
        DeletePostResolver.js
        FindManyPostResolver.d.ts
        FindManyPostResolver.js
        FindOnePostResolver.d.ts
        FindOnePostResolver.js
        PostCrudResolver.d.ts
        PostCrudResolver.js
        UpdateManyPostResolver.d.ts
        UpdateManyPostResolver.js
        UpdatePostResolver.d.ts
        UpdatePostResolver.js
        UpsertPostResolver.d.ts
        UpsertPostResolver.js
        [args]
          AggregatePostArgs.d.ts
          AggregatePostArgs.js
          CreatePostArgs.d.ts
          CreatePostArgs.js
          DeleteManyPostArgs.d.ts
          DeleteManyPostArgs.js
          DeletePostArgs.d.ts
          DeletePostArgs.js
          FindManyPostArgs.d.ts
          FindManyPostArgs.js
          FindOnePostArgs.d.ts
          FindOnePostArgs.js
          UpdateManyPostArgs.d.ts
          UpdateManyPostArgs.js
          UpdatePostArgs.d.ts
          UpdatePostArgs.js
          UpsertPostArgs.d.ts
          UpsertPostArgs.js
          index.d.ts
          index.js
      [User]
        AggregateUserResolver.d.ts
        AggregateUserResolver.js
        CreateUserResolver.d.ts
        CreateUserResolver.js
        DeleteManyUserResolver.d.ts
        DeleteManyUserResolver.js
        DeleteUserResolver.d.ts
        DeleteUserResolver.js
        FindManyUserResolver.d.ts
        FindManyUserResolver.js
        FindOneUserResolver.d.ts
        FindOneUserResolver.js
        UpdateManyUserResolver.d.ts
        UpdateManyUserResolver.js
        UpdateUserResolver.d.ts
        UpdateUserResolver.js
        UpsertUserResolver.d.ts
        UpsertUserResolver.js
        UserCrudResolver.d.ts
        UserCrudResolver.js
        [args]
          AggregateUserArgs.d.ts
          AggregateUserArgs.js
          CreateUserArgs.d.ts
          CreateUserArgs.js
          DeleteManyUserArgs.d.ts
          DeleteManyUserArgs.js
          DeleteUserArgs.d.ts
          DeleteUserArgs.js
          FindManyUserArgs.d.ts
          FindManyUserArgs.js
          FindOneUserArgs.d.ts
          FindOneUserArgs.js
          UpdateManyUserArgs.d.ts
          UpdateManyUserArgs.js
          UpdateUserArgs.d.ts
          UpdateUserArgs.js
          UpsertUserArgs.d.ts
          UpsertUserArgs.js
          index.d.ts
          index.js
      index.d.ts
      index.js
    [inputs]
      EnumColorFieldUpdateOperationsInput.d.ts
      EnumColorFieldUpdateOperationsInput.js
      EnumColorFilter.d.ts
      EnumColorFilter.js
      IntFilter.d.ts
      IntFilter.js
      NestedEnumColorFilter.d.ts
      NestedEnumColorFilter.js
      NestedIntFilter.d.ts
      NestedIntFilter.js
      NestedStringFilter.d.ts
      NestedStringFilter.js
      NestedStringNullableFilter.d.ts
      NestedStringNullableFilter.js
      NullableStringFieldUpdateOperationsInput.d.ts
      NullableStringFieldUpdateOperationsInput.js
      PostCreateInput.d.ts
      PostCreateInput.js
      PostCreateManyWithoutAuthorInput.d.ts
      PostCreateManyWithoutAuthorInput.js
      PostCreateWithoutAuthorInput.d.ts
      PostCreateWithoutAuthorInput.js
      PostListRelationFilter.d.ts
      PostListRelationFilter.js
      PostOrderByInput.d.ts
      PostOrderByInput.js
      PostScalarWhereInput.d.ts
      PostScalarWhereInput.js
      PostUpdateInput.d.ts
      PostUpdateInput.js
      PostUpdateManyDataInput.d.ts
      PostUpdateManyDataInput.js
      PostUpdateManyMutationInput.d.ts
      PostUpdateManyMutationInput.js
      PostUpdateManyWithWhereNestedInput.d.ts
      PostUpdateManyWithWhereNestedInput.js
      PostUpdateManyWithoutAuthorInput.d.ts
      PostUpdateManyWithoutAuthorInput.js
      PostUpdateWithWhereUniqueWithoutAuthorInput.d.ts
      PostUpdateWithWhereUniqueWithoutAuthorInput.js
      PostUpdateWithoutAuthorDataInput.d.ts
      PostUpdateWithoutAuthorDataInput.js
      PostUpsertWithWhereUniqueWithoutAuthorInput.d.ts
      PostUpsertWithWhereUniqueWithoutAuthorInput.js
      PostWhereInput.d.ts
      PostWhereInput.js
      PostWhereUniqueInput.d.ts
      PostWhereUniqueInput.js
      StringFieldUpdateOperationsInput.d.ts
      StringFieldUpdateOperationsInput.js
      StringFilter.d.ts
      StringFilter.js
      StringNullableFilter.d.ts
      StringNullableFilter.js
      UserCreateInput.d.ts
      UserCreateInput.js
      UserCreateOneWithoutPostsInput.d.ts
      UserCreateOneWithoutPostsInput.js
      UserCreateWithoutPostsInput.d.ts
      UserCreateWithoutPostsInput.js
      UserOrderByInput.d.ts
      UserOrderByInput.js
      UserRelationFilter.d.ts
      UserRelationFilter.js
      UserUpdateInput.d.ts
      UserUpdateInput.js
      UserUpdateManyMutationInput.d.ts
      UserUpdateManyMutationInput.js
      UserUpdateOneRequiredWithoutPostsInput.d.ts
      UserUpdateOneRequiredWithoutPostsInput.js
      UserUpdateWithoutPostsDataInput.d.ts
      UserUpdateWithoutPostsDataInput.js
      UserUpsertWithoutPostsInput.d.ts
      UserUpsertWithoutPostsInput.js
      UserWhereInput.d.ts
      UserWhereInput.js
      UserWhereUniqueInput.d.ts
      UserWhereUniqueInput.js
      index.d.ts
      index.js
    [outputs]
      AggregatePost.d.ts
      AggregatePost.js
      AggregateUser.d.ts
      AggregateUser.js
      BatchPayload.d.ts
      BatchPayload.js
      PostAvgAggregateOutputType.d.ts
      PostAvgAggregateOutputType.js
      PostMaxAggregateOutputType.d.ts
      PostMaxAggregateOutputType.js
      PostMinAggregateOutputType.d.ts
      PostMinAggregateOutputType.js
      PostSumAggregateOutputType.d.ts
      PostSumAggregateOutputType.js
      UserAvgAggregateOutputType.d.ts
      UserAvgAggregateOutputType.js
      UserMaxAggregateOutputType.d.ts
      UserMaxAggregateOutputType.js
      UserMinAggregateOutputType.d.ts
      UserMinAggregateOutputType.js
      UserSumAggregateOutputType.d.ts
      UserSumAggregateOutputType.js
      index.d.ts
      index.js
    [relations]
      [Post]
        PostRelationsResolver.d.ts
        PostRelationsResolver.js
      [User]
        UserRelationsResolver.d.ts
        UserRelationsResolver.js
        [args]
          UserPostsArgs.d.ts
          UserPostsArgs.js
          index.d.ts
          index.js
      index.d.ts
      index.js
"
`;

exports[`structure should generate proper folders and file names when model is renamed: structure 1`] = `
"\\\\n[type-graphql]
  [enums]
    Color.ts
    RenamedPostDistinctFieldEnum.ts
    RenamedUserDistinctFieldEnum.ts
    SortOrder.ts
    index.ts
  index.ts
  [models]
    RenamedPost.ts
    RenamedUser.ts
    index.ts
  [resolvers]
    [crud]
      [RenamedPost]
        AggregateRenamedPostResolver.ts
        CreateRenamedPostResolver.ts
        DeleteManyRenamedPostResolver.ts
        DeleteRenamedPostResolver.ts
        FindManyRenamedPostResolver.ts
        FindOneRenamedPostResolver.ts
        RenamedPostCrudResolver.ts
        UpdateManyRenamedPostResolver.ts
        UpdateRenamedPostResolver.ts
        UpsertRenamedPostResolver.ts
        [args]
          AggregateRenamedPostArgs.ts
          CreateRenamedPostArgs.ts
          DeleteManyRenamedPostArgs.ts
          DeleteRenamedPostArgs.ts
          FindManyRenamedPostArgs.ts
          FindOneRenamedPostArgs.ts
          UpdateManyRenamedPostArgs.ts
          UpdateRenamedPostArgs.ts
          UpsertRenamedPostArgs.ts
          index.ts
      [RenamedUser]
        AggregateRenamedUserResolver.ts
        CreateRenamedUserResolver.ts
        DeleteManyRenamedUserResolver.ts
        DeleteRenamedUserResolver.ts
        FindManyRenamedUserResolver.ts
        FindOneRenamedUserResolver.ts
        RenamedUserCrudResolver.ts
        UpdateManyRenamedUserResolver.ts
        UpdateRenamedUserResolver.ts
        UpsertRenamedUserResolver.ts
        [args]
          AggregateRenamedUserArgs.ts
          CreateRenamedUserArgs.ts
          DeleteManyRenamedUserArgs.ts
          DeleteRenamedUserArgs.ts
          FindManyRenamedUserArgs.ts
          FindOneRenamedUserArgs.ts
          UpdateManyRenamedUserArgs.ts
          UpdateRenamedUserArgs.ts
          UpsertRenamedUserArgs.ts
          index.ts
      index.ts
    [inputs]
      EnumColorFieldUpdateOperationsInput.ts
      EnumColorFilter.ts
      IntFilter.ts
      NestedEnumColorFilter.ts
      NestedIntFilter.ts
      NestedStringFilter.ts
      NestedStringNullableFilter.ts
      NullableStringFieldUpdateOperationsInput.ts
      RenamedPostCreateInput.ts
      RenamedPostCreateManyWithoutAuthorInput.ts
      RenamedPostCreateWithoutAuthorInput.ts
      RenamedPostListRelationFilter.ts
      RenamedPostOrderByInput.ts
      RenamedPostScalarWhereInput.ts
      RenamedPostUpdateInput.ts
      RenamedPostUpdateManyDataInput.ts
      RenamedPostUpdateManyMutationInput.ts
      RenamedPostUpdateManyWithWhereNestedInput.ts
      RenamedPostUpdateManyWithoutAuthorInput.ts
      RenamedPostUpdateWithWhereUniqueWithoutAuthorInput.ts
      RenamedPostUpdateWithoutAuthorDataInput.ts
      RenamedPostUpsertWithWhereUniqueWithoutAuthorInput.ts
      RenamedPostWhereInput.ts
      RenamedPostWhereUniqueInput.ts
      RenamedUserCreateInput.ts
      RenamedUserCreateOneWithoutPostsInput.ts
      RenamedUserCreateWithoutPostsInput.ts
      RenamedUserOrderByInput.ts
      RenamedUserRelationFilter.ts
      RenamedUserUpdateInput.ts
      RenamedUserUpdateManyMutationInput.ts
      RenamedUserUpdateOneRequiredWithoutPostsInput.ts
      RenamedUserUpdateWithoutPostsDataInput.ts
      RenamedUserUpsertWithoutPostsInput.ts
      RenamedUserWhereInput.ts
      RenamedUserWhereUniqueInput.ts
      StringFieldUpdateOperationsInput.ts
      StringFilter.ts
      StringNullableFilter.ts
      index.ts
    [outputs]
      AggregateRenamedPost.ts
      AggregateRenamedUser.ts
      BatchPayload.ts
      RenamedPostAvgAggregateOutputType.ts
      RenamedPostMaxAggregateOutputType.ts
      RenamedPostMinAggregateOutputType.ts
      RenamedPostSumAggregateOutputType.ts
      RenamedUserAvgAggregateOutputType.ts
      RenamedUserMaxAggregateOutputType.ts
      RenamedUserMinAggregateOutputType.ts
      RenamedUserSumAggregateOutputType.ts
      index.ts
    [relations]
      [RenamedPost]
        RenamedPostRelationsResolver.ts
      [RenamedUser]
        RenamedUserRelationsResolver.ts
        [args]
          RenamedUserPostsArgs.ts
          index.ts
      index.ts
"
`;

exports[`structure should generate proper folders structure and file names for complex datamodel: structure 1`] = `
"\\\\n[type-graphql]
  [enums]
    Color.ts
    PostDistinctFieldEnum.ts
    SortOrder.ts
    UserDistinctFieldEnum.ts
    index.ts
  index.ts
  [models]
    Post.ts
    User.ts
    index.ts
  [resolvers]
    [crud]
      [Post]
        AggregatePostResolver.ts
        CreatePostResolver.ts
        DeleteManyPostResolver.ts
        DeletePostResolver.ts
        FindManyPostResolver.ts
        FindOnePostResolver.ts
        PostCrudResolver.ts
        UpdateManyPostResolver.ts
        UpdatePostResolver.ts
        UpsertPostResolver.ts
        [args]
          AggregatePostArgs.ts
          CreatePostArgs.ts
          DeleteManyPostArgs.ts
          DeletePostArgs.ts
          FindManyPostArgs.ts
          FindOnePostArgs.ts
          UpdateManyPostArgs.ts
          UpdatePostArgs.ts
          UpsertPostArgs.ts
          index.ts
      [User]
        AggregateUserResolver.ts
        CreateUserResolver.ts
        DeleteManyUserResolver.ts
        DeleteUserResolver.ts
        FindManyUserResolver.ts
        FindOneUserResolver.ts
        UpdateManyUserResolver.ts
        UpdateUserResolver.ts
        UpsertUserResolver.ts
        UserCrudResolver.ts
        [args]
          AggregateUserArgs.ts
          CreateUserArgs.ts
          DeleteManyUserArgs.ts
          DeleteUserArgs.ts
          FindManyUserArgs.ts
          FindOneUserArgs.ts
          UpdateManyUserArgs.ts
          UpdateUserArgs.ts
          UpsertUserArgs.ts
          index.ts
      index.ts
    [inputs]
      EnumColorFieldUpdateOperationsInput.ts
      EnumColorFilter.ts
      IntFilter.ts
      NestedEnumColorFilter.ts
      NestedIntFilter.ts
      NestedStringFilter.ts
      NestedStringNullableFilter.ts
      NullableStringFieldUpdateOperationsInput.ts
      PostCreateInput.ts
      PostCreateManyWithoutAuthorInput.ts
      PostCreateWithoutAuthorInput.ts
      PostListRelationFilter.ts
      PostOrderByInput.ts
      PostScalarWhereInput.ts
      PostUpdateInput.ts
      PostUpdateManyDataInput.ts
      PostUpdateManyMutationInput.ts
      PostUpdateManyWithWhereNestedInput.ts
      PostUpdateManyWithoutAuthorInput.ts
      PostUpdateWithWhereUniqueWithoutAuthorInput.ts
      PostUpdateWithoutAuthorDataInput.ts
      PostUpsertWithWhereUniqueWithoutAuthorInput.ts
      PostWhereInput.ts
      PostWhereUniqueInput.ts
      StringFieldUpdateOperationsInput.ts
      StringFilter.ts
      StringNullableFilter.ts
      UserCreateInput.ts
      UserCreateOneWithoutPostsInput.ts
      UserCreateWithoutPostsInput.ts
      UserOrderByInput.ts
      UserRelationFilter.ts
      UserUpdateInput.ts
      UserUpdateManyMutationInput.ts
      UserUpdateOneRequiredWithoutPostsInput.ts
      UserUpdateWithoutPostsDataInput.ts
      UserUpsertWithoutPostsInput.ts
      UserWhereInput.ts
      UserWhereUniqueInput.ts
      index.ts
    [outputs]
      AggregatePost.ts
      AggregateUser.ts
      BatchPayload.ts
      PostAvgAggregateOutputType.ts
      PostMaxAggregateOutputType.ts
      PostMinAggregateOutputType.ts
      PostSumAggregateOutputType.ts
      UserAvgAggregateOutputType.ts
      UserMaxAggregateOutputType.ts
      UserMinAggregateOutputType.ts
      UserSumAggregateOutputType.ts
      index.ts
    [relations]
      [Post]
        PostRelationsResolver.ts
      [User]
        UserRelationsResolver.ts
        [args]
          UserPostsArgs.ts
          index.ts
      index.ts
"
`;
