// Jest Snapshot v1, https://goo.gl/fbAQLP

exports[`structure should generate proper folders and file names when model is renamed: structure 1`] = `
"
[type-graphql]
  [enums]
    Color.ts
    SortOrder.ts
    index.ts
  index.ts
  [models]
    RenamedPost.ts
    RenamedUser.ts
    index.ts
  [resolvers]
    [crud]
      [RenamedPost]
        AggregateRenamedPostResolver.ts
        CreateRenamedPostResolver.ts
        DeleteManyRenamedPostResolver.ts
        DeleteRenamedPostResolver.ts
        FindManyRenamedPostResolver.ts
        FindOneRenamedPostResolver.ts
        RenamedPostCrudResolver.ts
        UpdateManyRenamedPostResolver.ts
        UpdateRenamedPostResolver.ts
        UpsertRenamedPostResolver.ts
        [args]
          AggregateRenamedPostArgs.ts
          CreateRenamedPostArgs.ts
          DeleteManyRenamedPostArgs.ts
          DeleteRenamedPostArgs.ts
          FindManyRenamedPostArgs.ts
          FindOneRenamedPostArgs.ts
          UpdateManyRenamedPostArgs.ts
          UpdateRenamedPostArgs.ts
          UpsertRenamedPostArgs.ts
          index.ts
      [RenamedUser]
        AggregateRenamedUserResolver.ts
        CreateRenamedUserResolver.ts
        DeleteManyRenamedUserResolver.ts
        DeleteRenamedUserResolver.ts
        FindManyRenamedUserResolver.ts
        FindOneRenamedUserResolver.ts
        RenamedUserCrudResolver.ts
        UpdateManyRenamedUserResolver.ts
        UpdateRenamedUserResolver.ts
        UpsertRenamedUserResolver.ts
        [args]
          AggregateRenamedUserArgs.ts
          CreateRenamedUserArgs.ts
          DeleteManyRenamedUserArgs.ts
          DeleteRenamedUserArgs.ts
          FindManyRenamedUserArgs.ts
          FindOneRenamedUserArgs.ts
          UpdateManyRenamedUserArgs.ts
          UpdateRenamedUserArgs.ts
          UpsertRenamedUserArgs.ts
          index.ts
      index.ts
    [inputs]
      ColorFilter.ts
      IntFilter.ts
      NullableStringFilter.ts
      RenamedPostCreateInput.ts
      RenamedPostCreateManyWithoutAuthorInput.ts
      RenamedPostCreateWithoutAuthorInput.ts
      RenamedPostFilter.ts
      RenamedPostOrderByInput.ts
      RenamedPostScalarWhereInput.ts
      RenamedPostUpdateInput.ts
      RenamedPostUpdateManyDataInput.ts
      RenamedPostUpdateManyMutationInput.ts
      RenamedPostUpdateManyWithWhereNestedInput.ts
      RenamedPostUpdateManyWithoutAuthorInput.ts
      RenamedPostUpdateWithWhereUniqueWithoutAuthorInput.ts
      RenamedPostUpdateWithoutAuthorDataInput.ts
      RenamedPostUpsertWithWhereUniqueWithoutAuthorInput.ts
      RenamedPostWhereInput.ts
      RenamedPostWhereUniqueInput.ts
      RenamedUserCreateInput.ts
      RenamedUserCreateOneWithoutPostsInput.ts
      RenamedUserCreateWithoutPostsInput.ts
      RenamedUserOrderByInput.ts
      RenamedUserUpdateInput.ts
      RenamedUserUpdateManyMutationInput.ts
      RenamedUserUpdateOneRequiredWithoutPostsInput.ts
      RenamedUserUpdateWithoutPostsDataInput.ts
      RenamedUserUpsertWithoutPostsInput.ts
      RenamedUserWhereInput.ts
      RenamedUserWhereUniqueInput.ts
      StringFilter.ts
      index.ts
    [outputs]
      AggregateRenamedPost.ts
      AggregateRenamedUser.ts
      BatchPayload.ts
      index.ts
    [relations]
      [RenamedPost]
        RenamedPostRelationsResolver.ts
      [RenamedUser]
        RenamedUserRelationsResolver.ts
        [args]
          RenamedUserPostsArgs.ts
          index.ts
      index.ts
"
`;

exports[`structure should generate proper folders structure and file names for complex datamodel: structure 1`] = `
"
[type-graphql]
  [enums]
    Color.ts
    SortOrder.ts
    index.ts
  index.ts
  [models]
    Post.ts
    User.ts
    index.ts
  [resolvers]
    [crud]
      [Post]
        AggregatePostResolver.ts
        CreatePostResolver.ts
        DeleteManyPostResolver.ts
        DeletePostResolver.ts
        FindManyPostResolver.ts
        FindOnePostResolver.ts
        PostCrudResolver.ts
        UpdateManyPostResolver.ts
        UpdatePostResolver.ts
        UpsertPostResolver.ts
        [args]
          AggregatePostArgs.ts
          CreatePostArgs.ts
          DeleteManyPostArgs.ts
          DeletePostArgs.ts
          FindManyPostArgs.ts
          FindOnePostArgs.ts
          UpdateManyPostArgs.ts
          UpdatePostArgs.ts
          UpsertPostArgs.ts
          index.ts
      [User]
        AggregateUserResolver.ts
        CreateUserResolver.ts
        DeleteManyUserResolver.ts
        DeleteUserResolver.ts
        FindManyUserResolver.ts
        FindOneUserResolver.ts
        UpdateManyUserResolver.ts
        UpdateUserResolver.ts
        UpsertUserResolver.ts
        UserCrudResolver.ts
        [args]
          AggregateUserArgs.ts
          CreateUserArgs.ts
          DeleteManyUserArgs.ts
          DeleteUserArgs.ts
          FindManyUserArgs.ts
          FindOneUserArgs.ts
          UpdateManyUserArgs.ts
          UpdateUserArgs.ts
          UpsertUserArgs.ts
          index.ts
      index.ts
    [inputs]
      ColorFilter.ts
      IntFilter.ts
      NullableStringFilter.ts
      PostCreateInput.ts
      PostCreateManyWithoutAuthorInput.ts
      PostCreateWithoutAuthorInput.ts
      PostFilter.ts
      PostOrderByInput.ts
      PostScalarWhereInput.ts
      PostUpdateInput.ts
      PostUpdateManyDataInput.ts
      PostUpdateManyMutationInput.ts
      PostUpdateManyWithWhereNestedInput.ts
      PostUpdateManyWithoutAuthorInput.ts
      PostUpdateWithWhereUniqueWithoutAuthorInput.ts
      PostUpdateWithoutAuthorDataInput.ts
      PostUpsertWithWhereUniqueWithoutAuthorInput.ts
      PostWhereInput.ts
      PostWhereUniqueInput.ts
      StringFilter.ts
      UserCreateInput.ts
      UserCreateOneWithoutPostsInput.ts
      UserCreateWithoutPostsInput.ts
      UserOrderByInput.ts
      UserUpdateInput.ts
      UserUpdateManyMutationInput.ts
      UserUpdateOneRequiredWithoutPostsInput.ts
      UserUpdateWithoutPostsDataInput.ts
      UserUpsertWithoutPostsInput.ts
      UserWhereInput.ts
      UserWhereUniqueInput.ts
      index.ts
    [outputs]
      AggregatePost.ts
      AggregateUser.ts
      BatchPayload.ts
      index.ts
    [relations]
      [Post]
        PostRelationsResolver.ts
      [User]
        UserRelationsResolver.ts
        [args]
          UserPostsArgs.ts
          index.ts
      index.ts
"
`;
